Archive member included to satisfy reference by file (symbol)

c:/ac6/systemworkbench/plugins/fr.ac6.mcu.externaltools.arm-none.win32_1.15.0.201708311556/tools/compiler/bin/../lib/gcc/arm-none-eabi/6.3.1/../../../../arm-none-eabi/lib/thumb/v7e-m/fpv5-sp/hard\libc_nano.a(lib_a-exit.o)
                              c:/ac6/systemworkbench/plugins/fr.ac6.mcu.externaltools.arm-none.win32_1.15.0.201708311556/tools/compiler/bin/../lib/gcc/arm-none-eabi/6.3.1/../../../../arm-none-eabi/lib/thumb/v7e-m/fpv5-sp/hard/crt0.o (exit)
c:/ac6/systemworkbench/plugins/fr.ac6.mcu.externaltools.arm-none.win32_1.15.0.201708311556/tools/compiler/bin/../lib/gcc/arm-none-eabi/6.3.1/../../../../arm-none-eabi/lib/thumb/v7e-m/fpv5-sp/hard\libc_nano.a(lib_a-impure.o)
                              c:/ac6/systemworkbench/plugins/fr.ac6.mcu.externaltools.arm-none.win32_1.15.0.201708311556/tools/compiler/bin/../lib/gcc/arm-none-eabi/6.3.1/../../../../arm-none-eabi/lib/thumb/v7e-m/fpv5-sp/hard\libc_nano.a(lib_a-exit.o) (_global_impure_ptr)
c:/ac6/systemworkbench/plugins/fr.ac6.mcu.externaltools.arm-none.win32_1.15.0.201708311556/tools/compiler/bin/../lib/gcc/arm-none-eabi/6.3.1/../../../../arm-none-eabi/lib/thumb/v7e-m/fpv5-sp/hard\libc_nano.a(lib_a-init.o)
                              c:/ac6/systemworkbench/plugins/fr.ac6.mcu.externaltools.arm-none.win32_1.15.0.201708311556/tools/compiler/bin/../lib/gcc/arm-none-eabi/6.3.1/../../../../arm-none-eabi/lib/thumb/v7e-m/fpv5-sp/hard/crt0.o (__libc_init_array)
c:/ac6/systemworkbench/plugins/fr.ac6.mcu.externaltools.arm-none.win32_1.15.0.201708311556/tools/compiler/bin/../lib/gcc/arm-none-eabi/6.3.1/../../../../arm-none-eabi/lib/thumb/v7e-m/fpv5-sp/hard\libc_nano.a(lib_a-memset.o)
                              c:/ac6/systemworkbench/plugins/fr.ac6.mcu.externaltools.arm-none.win32_1.15.0.201708311556/tools/compiler/bin/../lib/gcc/arm-none-eabi/6.3.1/../../../../arm-none-eabi/lib/thumb/v7e-m/fpv5-sp/hard/crt0.o (memset)
c:/ac6/systemworkbench/plugins/fr.ac6.mcu.externaltools.arm-none.win32_1.15.0.201708311556/tools/compiler/bin/../lib/gcc/arm-none-eabi/6.3.1/../../../../arm-none-eabi/lib/thumb/v7e-m/fpv5-sp/hard\libnosys.a(_exit.o)
                              c:/ac6/systemworkbench/plugins/fr.ac6.mcu.externaltools.arm-none.win32_1.15.0.201708311556/tools/compiler/bin/../lib/gcc/arm-none-eabi/6.3.1/../../../../arm-none-eabi/lib/thumb/v7e-m/fpv5-sp/hard\libc_nano.a(lib_a-exit.o) (_exit)

Allocating common symbols
Common symbol       size              file

uwTick              0x4               Drivers/STM32F7xx_HAL_Driver/stm32f7xx_hal.o
pFlash              0x1c              Drivers/STM32F7xx_HAL_Driver/stm32f7xx_hal_flash.o

Discarded input sections

 .text          0x00000000        0x0 c:/ac6/systemworkbench/plugins/fr.ac6.mcu.externaltools.arm-none.win32_1.15.0.201708311556/tools/compiler/bin/../lib/gcc/arm-none-eabi/6.3.1/thumb/v7e-m/fpv5-sp/hard/crti.o
 .data          0x00000000        0x0 c:/ac6/systemworkbench/plugins/fr.ac6.mcu.externaltools.arm-none.win32_1.15.0.201708311556/tools/compiler/bin/../lib/gcc/arm-none-eabi/6.3.1/thumb/v7e-m/fpv5-sp/hard/crti.o
 .bss           0x00000000        0x0 c:/ac6/systemworkbench/plugins/fr.ac6.mcu.externaltools.arm-none.win32_1.15.0.201708311556/tools/compiler/bin/../lib/gcc/arm-none-eabi/6.3.1/thumb/v7e-m/fpv5-sp/hard/crti.o
 .data          0x00000000        0x4 c:/ac6/systemworkbench/plugins/fr.ac6.mcu.externaltools.arm-none.win32_1.15.0.201708311556/tools/compiler/bin/../lib/gcc/arm-none-eabi/6.3.1/thumb/v7e-m/fpv5-sp/hard/crtbegin.o
 .text          0x00000000       0x74 c:/ac6/systemworkbench/plugins/fr.ac6.mcu.externaltools.arm-none.win32_1.15.0.201708311556/tools/compiler/bin/../lib/gcc/arm-none-eabi/6.3.1/../../../../arm-none-eabi/lib/thumb/v7e-m/fpv5-sp/hard/crt0.o
 .data          0x00000000        0x0 c:/ac6/systemworkbench/plugins/fr.ac6.mcu.externaltools.arm-none.win32_1.15.0.201708311556/tools/compiler/bin/../lib/gcc/arm-none-eabi/6.3.1/../../../../arm-none-eabi/lib/thumb/v7e-m/fpv5-sp/hard/crt0.o
 .bss           0x00000000        0x0 c:/ac6/systemworkbench/plugins/fr.ac6.mcu.externaltools.arm-none.win32_1.15.0.201708311556/tools/compiler/bin/../lib/gcc/arm-none-eabi/6.3.1/../../../../arm-none-eabi/lib/thumb/v7e-m/fpv5-sp/hard/crt0.o
 .ARM.extab     0x00000000        0x0 c:/ac6/systemworkbench/plugins/fr.ac6.mcu.externaltools.arm-none.win32_1.15.0.201708311556/tools/compiler/bin/../lib/gcc/arm-none-eabi/6.3.1/../../../../arm-none-eabi/lib/thumb/v7e-m/fpv5-sp/hard/crt0.o
 .ARM.exidx     0x00000000        0x8 c:/ac6/systemworkbench/plugins/fr.ac6.mcu.externaltools.arm-none.win32_1.15.0.201708311556/tools/compiler/bin/../lib/gcc/arm-none-eabi/6.3.1/../../../../arm-none-eabi/lib/thumb/v7e-m/fpv5-sp/hard/crt0.o
 .ARM.attributes
[...]
Memory Configuration

Name             Origin             Length             Attributes
FLASH            0x08000000         0x00100000         xr
RAM              0x20000000         0x00050000         xrw
*default*        0x00000000         0xffffffff

Linker script and memory map

LOAD c:/ac6/systemworkbench/plugins/fr.ac6.mcu.externaltools.arm-none.win32_1.15.0.201708311556/tools/compiler/bin/../lib/gcc/arm-none-eabi/6.3.1/thumb/v7e-m/fpv5-sp/hard/crti.o
LOAD c:/ac6/systemworkbench/plugins/fr.ac6.mcu.externaltools.arm-none.win32_1.15.0.201708311556/tools/compiler/bin/../lib/gcc/arm-none-eabi/6.3.1/thumb/v7e-m/fpv5-sp/hard/crtbegin.o
LOAD c:/ac6/systemworkbench/plugins/fr.ac6.mcu.externaltools.arm-none.win32_1.15.0.201708311556/tools/compiler/bin/../lib/gcc/arm-none-eabi/6.3.1/../../../../arm-none-eabi/lib/thumb/v7e-m/fpv5-sp/hard/crt0.o
LOAD Drivers/BSP/STM32746G_Discovery/stm32746g_discovery.o
LOAD Drivers/CMSIS/system_stm32f7xx.o
LOAD Drivers/STM32F7xx_HAL_Driver/stm32f7xx_hal.o
LOAD Drivers/STM32F7xx_HAL_Driver/stm32f7xx_hal_cortex.o
LOAD Drivers/STM32F7xx_HAL_Driver/stm32f7xx_hal_dma.o
LOAD Drivers/STM32F7xx_HAL_Driver/stm32f7xx_hal_dma_ex.o
LOAD Drivers/STM32F7xx_HAL_Driver/stm32f7xx_hal_flash.o
LOAD Drivers/STM32F7xx_HAL_Driver/stm32f7xx_hal_flash_ex.o
LOAD Drivers/STM32F7xx_HAL_Driver/stm32f7xx_hal_gpio.o
LOAD Drivers/STM32F7xx_HAL_Driver/stm32f7xx_hal_i2c.o
LOAD Drivers/STM32F7xx_HAL_Driver/stm32f7xx_hal_pwr.o
LOAD Drivers/STM32F7xx_HAL_Driver/stm32f7xx_hal_pwr_ex.o
LOAD Drivers/STM32F7xx_HAL_Driver/stm32f7xx_hal_rcc.o
LOAD Drivers/STM32F7xx_HAL_Driver/stm32f7xx_hal_rcc_ex.o
LOAD Drivers/STM32F7xx_HAL_Driver/stm32f7xx_hal_uart.o
LOAD LEDBlinker/SW4STM32/startup_stm32f746xx.o
LOAD LEDBlinker/User/main.o
LOAD LEDBlinker/User/stm32f7xx_hal_msp.o
LOAD LEDBlinker/User/stm32f7xx_it.o
LOAD c:/ac6/systemworkbench/plugins/fr.ac6.mcu.externaltools.arm-none.win32_1.15.0.201708311556/tools/compiler/bin/../lib/gcc/arm-none-eabi/6.3.1/../../../../arm-none-eabi/lib/thumb/v7e-m/fpv5-sp/hard\libstdc++_nano.a
LOAD c:/ac6/systemworkbench/plugins/fr.ac6.mcu.externaltools.arm-none.win32_1.15.0.201708311556/tools/compiler/bin/../lib/gcc/arm-none-eabi/6.3.1/../../../../arm-none-eabi/lib/thumb/v7e-m/fpv5-sp/hard\libm.a
START GROUP
LOAD c:/ac6/systemworkbench/plugins/fr.ac6.mcu.externaltools.arm-none.win32_1.15.0.201708311556/tools/compiler/bin/../lib/gcc/arm-none-eabi/6.3.1/thumb/v7e-m/fpv5-sp/hard\libgcc.a
LOAD c:/ac6/systemworkbench/plugins/fr.ac6.mcu.externaltools.arm-none.win32_1.15.0.201708311556/tools/compiler/bin/../lib/gcc/arm-none-eabi/6.3.1/../../../../arm-none-eabi/lib/thumb/v7e-m/fpv5-sp/hard\libc_nano.a
END GROUP
START GROUP
LOAD c:/ac6/systemworkbench/plugins/fr.ac6.mcu.externaltools.arm-none.win32_1.15.0.201708311556/tools/compiler/bin/../lib/gcc/arm-none-eabi/6.3.1/thumb/v7e-m/fpv5-sp/hard\libgcc.a
LOAD c:/ac6/systemworkbench/plugins/fr.ac6.mcu.externaltools.arm-none.win32_1.15.0.201708311556/tools/compiler/bin/../lib/gcc/arm-none-eabi/6.3.1/../../../../arm-none-eabi/lib/thumb/v7e-m/fpv5-sp/hard\libc_nano.a
LOAD c:/ac6/systemworkbench/plugins/fr.ac6.mcu.externaltools.arm-none.win32_1.15.0.201708311556/tools/compiler/bin/../lib/gcc/arm-none-eabi/6.3.1/../../../../arm-none-eabi/lib/thumb/v7e-m/fpv5-sp/hard\libnosys.a
END GROUP
START GROUP
LOAD c:/ac6/systemworkbench/plugins/fr.ac6.mcu.externaltools.arm-none.win32_1.15.0.201708311556/tools/compiler/bin/../lib/gcc/arm-none-eabi/6.3.1/thumb/v7e-m/fpv5-sp/hard\libgcc.a
LOAD c:/ac6/systemworkbench/plugins/fr.ac6.mcu.externaltools.arm-none.win32_1.15.0.201708311556/tools/compiler/bin/../lib/gcc/arm-none-eabi/6.3.1/../../../../arm-none-eabi/lib/thumb/v7e-m/fpv5-sp/hard\libc_nano.a
LOAD c:/ac6/systemworkbench/plugins/fr.ac6.mcu.externaltools.arm-none.win32_1.15.0.201708311556/tools/compiler/bin/../lib/gcc/arm-none-eabi/6.3.1/../../../../arm-none-eabi/lib/thumb/v7e-m/fpv5-sp/hard\libnosys.a
END GROUP
LOAD c:/ac6/systemworkbench/plugins/fr.ac6.mcu.externaltools.arm-none.win32_1.15.0.201708311556/tools/compiler/bin/../lib/gcc/arm-none-eabi/6.3.1/thumb/v7e-m/fpv5-sp/hard/crtend.o
LOAD c:/ac6/systemworkbench/plugins/fr.ac6.mcu.externaltools.arm-none.win32_1.15.0.201708311556/tools/compiler/bin/../lib/gcc/arm-none-eabi/6.3.1/thumb/v7e-m/fpv5-sp/hard/crtn.o
                0x20050000                _estack = 0x20050000
                0x00000200                _Min_Heap_Size = 0x200
                0x00000400                _Min_Stack_Size = 0x400

.isr_vector     0x08000000      0x1c8
                0x08000000                . = ALIGN (0x4)
 *(.isr_vector)
 .isr_vector    0x08000000      0x1c8 LEDBlinker/SW4STM32/startup_stm32f746xx.o
                0x08000000                g_pfnVectors
                0x080001c8                . = ALIGN (0x4)

.text           0x080001c8      0xe24
                0x080001c8                . = ALIGN (0x4)
 *(.text)
 .text          0x080001c8       0x6c c:/ac6/systemworkbench/plugins/fr.ac6.mcu.externaltools.arm-none.win32_1.15.0.201708311556/tools/compiler/bin/../lib/gcc/arm-none-eabi/6.3.1/thumb/v7e-m/fpv5-sp/hard/crtbegin.o
 *(.text*)
 .text.SystemInit
                0x08000234       0x4c Drivers/CMSIS/system_stm32f7xx.o
                0x08000234                SystemInit
 .text.HAL_InitTick
                0x08000280       0x28 Drivers/STM32F7xx_HAL_Driver/stm32f7xx_hal.o
                0x08000280                HAL_InitTick
 .text.HAL_Init
                0x080002a8       0x24 Drivers/STM32F7xx_HAL_Driver/stm32f7xx_hal.o
                0x080002a8                HAL_Init
 .text.HAL_IncTick
                0x080002cc       0x10 Drivers/STM32F7xx_HAL_Driver/stm32f7xx_hal.o
                0x080002cc                HAL_IncTick
 .text.HAL_GetTick
                0x080002dc        0xc Drivers/STM32F7xx_HAL_Driver/stm32f7xx_hal.o
                0x080002dc                HAL_GetTick
 .text.HAL_Delay
                0x080002e8       0x1a Drivers/STM32F7xx_HAL_Driver/stm32f7xx_hal.o
                0x080002e8                HAL_Delay
 *fill*         0x08000302        0x2 
 .text.HAL_NVIC_SetPriorityGrouping
                0x08000304       0x24 Drivers/STM32F7xx_HAL_Driver/stm32f7xx_hal_cortex.o
                0x08000304                HAL_NVIC_SetPriorityGrouping
 .text.HAL_NVIC_SetPriority
                0x08000328       0x70 Drivers/STM32F7xx_HAL_Driver/stm32f7xx_hal_cortex.o
                0x08000328                HAL_NVIC_SetPriority
 .text.HAL_SYSTICK_Config
                0x08000398       0x2c Drivers/STM32F7xx_HAL_Driver/stm32f7xx_hal_cortex.o
                0x08000398                HAL_SYSTICK_Config
 .text.HAL_MPU_Disable
                0x080003c4       0x20 Drivers/STM32F7xx_HAL_Driver/stm32f7xx_hal_cortex.o
                0x080003c4                HAL_MPU_Disable
 .text.HAL_MPU_Enable
                0x080003e4       0x24 Drivers/STM32F7xx_HAL_Driver/stm32f7xx_hal_cortex.o
                0x080003e4                HAL_MPU_Enable
 .text.HAL_MPU_ConfigRegion
                0x08000408       0x50 Drivers/STM32F7xx_HAL_Driver/stm32f7xx_hal_cortex.o
                0x08000408                HAL_MPU_ConfigRegion
 .text.HAL_GPIO_Init
                0x08000458      0x1d4 Drivers/STM32F7xx_HAL_Driver/stm32f7xx_hal_gpio.o
                0x08000458                HAL_GPIO_Init
 .text.HAL_GPIO_ReadPin
                0x0800062c        0xc Drivers/STM32F7xx_HAL_Driver/stm32f7xx_hal_gpio.o
                0x0800062c                HAL_GPIO_ReadPin
 .text.HAL_GPIO_WritePin
                0x08000638        0xa Drivers/STM32F7xx_HAL_Driver/stm32f7xx_hal_gpio.o
                0x08000638                HAL_GPIO_WritePin
 *fill*         0x08000642        0x2 
 .text.HAL_PWREx_EnableOverDrive
                0x08000644       0x70 Drivers/STM32F7xx_HAL_Driver/stm32f7xx_hal_pwr_ex.o
                0x08000644                HAL_PWREx_EnableOverDrive
 .text.HAL_RCC_OscConfig
                0x080006b4      0x328 Drivers/STM32F7xx_HAL_Driver/stm32f7xx_hal_rcc.o
                0x080006b4                HAL_RCC_OscConfig
 .text.HAL_RCC_GetSysClockFreq
                0x080009dc       0x54 Drivers/STM32F7xx_HAL_Driver/stm32f7xx_hal_rcc.o
                0x080009dc                HAL_RCC_GetSysClockFreq
 .text.HAL_RCC_ClockConfig
                0x08000a30      0x120 Drivers/STM32F7xx_HAL_Driver/stm32f7xx_hal_rcc.o
                0x08000a30                HAL_RCC_ClockConfig
 .text.Reset_Handler
                0x08000b50       0x50 LEDBlinker/SW4STM32/startup_stm32f746xx.o
                0x08000b50                Reset_Handler
 .text.Default_Handler
                0x08000ba0        0x2 LEDBlinker/SW4STM32/startup_stm32f746xx.o
                0x08000ba0                RTC_Alarm_IRQHandler
                0x08000ba0                EXTI2_IRQHandler
                0x08000ba0                TIM8_CC_IRQHandler
                0x08000ba0                UART8_IRQHandler
                0x08000ba0                SPI4_IRQHandler
                0x08000ba0                TIM1_CC_IRQHandler
                0x08000ba0                DMA2_Stream5_IRQHandler
                0x08000ba0                DMA1_Stream5_IRQHandler
                0x08000ba0                PVD_IRQHandler
                0x08000ba0                TAMP_STAMP_IRQHandler
                0x08000ba0                CAN2_RX1_IRQHandler
                0x08000ba0                EXTI3_IRQHandler
                0x08000ba0                TIM8_TRG_COM_TIM14_IRQHandler
                0x08000ba0                TIM1_UP_TIM10_IRQHandler
                0x08000ba0                TIM8_UP_TIM13_IRQHandler
                0x08000ba0                I2C3_ER_IRQHandler
                0x08000ba0                EXTI0_IRQHandler
                0x08000ba0                I2C2_EV_IRQHandler
                0x08000ba0                DMA1_Stream2_IRQHandler
                0x08000ba0                CAN1_RX0_IRQHandler
                0x08000ba0                FPU_IRQHandler
                0x08000ba0                OTG_HS_WKUP_IRQHandler
                0x08000ba0                LTDC_ER_IRQHandler
                0x08000ba0                CAN2_SCE_IRQHandler
                0x08000ba0                DMA2_Stream2_IRQHandler
                0x08000ba0                SPI1_IRQHandler
                0x08000ba0                TIM6_DAC_IRQHandler
                0x08000ba0                TIM1_BRK_TIM9_IRQHandler
                0x08000ba0                DCMI_IRQHandler
                0x08000ba0                CAN2_RX0_IRQHandler
                0x08000ba0                DMA2_Stream3_IRQHandler
                0x08000ba0                SAI2_IRQHandler
                0x08000ba0                USART6_IRQHandler
                0x08000ba0                USART3_IRQHandler
                0x08000ba0                CAN1_RX1_IRQHandler
                0x08000ba0                UART5_IRQHandler
                0x08000ba0                DMA2_Stream0_IRQHandler
                0x08000ba0                TIM4_IRQHandler
                0x08000ba0                QUADSPI_IRQHandler
                0x08000ba0                I2C1_EV_IRQHandler
                0x08000ba0                DMA1_Stream6_IRQHandler
                0x08000ba0                DMA1_Stream1_IRQHandler
                0x08000ba0                UART4_IRQHandler
                0x08000ba0                TIM3_IRQHandler
                0x08000ba0                RCC_IRQHandler
                0x08000ba0                TIM8_BRK_TIM12_IRQHandler
                0x08000ba0                Default_Handler
                0x08000ba0                CEC_IRQHandler
                0x08000ba0                EXTI15_10_IRQHandler
                0x08000ba0                ADC_IRQHandler
                0x08000ba0                DMA1_Stream7_IRQHandler
                0x08000ba0                SPI5_IRQHandler
                0x08000ba0                TIM7_IRQHandler
                0x08000ba0                SDMMC1_IRQHandler
                0x08000ba0                CAN2_TX_IRQHandler
                0x08000ba0                TIM5_IRQHandler
                0x08000ba0                DMA2_Stream7_IRQHandler
                0x08000ba0                I2C3_EV_IRQHandler
                0x08000ba0                EXTI9_5_IRQHandler
                0x08000ba0                RTC_WKUP_IRQHandler
                0x08000ba0                LTDC_IRQHandler
                0x08000ba0                ETH_WKUP_IRQHandler
                0x08000ba0                SPDIF_RX_IRQHandler
                0x08000ba0                SPI2_IRQHandler
                0x08000ba0                OTG_HS_EP1_IN_IRQHandler
                0x08000ba0                DMA1_Stream0_IRQHandler
                0x08000ba0                CAN1_TX_IRQHandler
                0x08000ba0                EXTI4_IRQHandler
                0x08000ba0                RNG_IRQHandler
                0x08000ba0                ETH_IRQHandler
                0x08000ba0                OTG_HS_EP1_OUT_IRQHandler
                0x08000ba0                WWDG_IRQHandler
                0x08000ba0                SPI6_IRQHandler
                0x08000ba0                I2C4_EV_IRQHandler
                0x08000ba0                TIM2_IRQHandler
                0x08000ba0                OTG_FS_WKUP_IRQHandler
                0x08000ba0                TIM1_TRG_COM_TIM11_IRQHandler
                0x08000ba0                OTG_HS_IRQHandler
                0x08000ba0                DMA2D_IRQHandler
                0x08000ba0                EXTI1_IRQHandler
                0x08000ba0                UART7_IRQHandler
                0x08000ba0                USART2_IRQHandler
                0x08000ba0                I2C2_ER_IRQHandler
                0x08000ba0                DMA2_Stream1_IRQHandler
                0x08000ba0                CAN1_SCE_IRQHandler
                0x08000ba0                FLASH_IRQHandler
                0x08000ba0                DMA2_Stream4_IRQHandler
                0x08000ba0                USART1_IRQHandler
                0x08000ba0                OTG_FS_IRQHandler
                0x08000ba0                SPI3_IRQHandler
                0x08000ba0                DMA1_Stream4_IRQHandler
                0x08000ba0                I2C1_ER_IRQHandler
                0x08000ba0                FMC_IRQHandler
                0x08000ba0                LPTIM1_IRQHandler
                0x08000ba0                I2C4_ER_IRQHandler
                0x08000ba0                DMA2_Stream6_IRQHandler
                0x08000ba0                SAI1_IRQHandler
                0x08000ba0                DMA1_Stream3_IRQHandler
 *fill*         0x08000ba2        0x2 
 .text.SCB_EnableICache
                0x08000ba4       0x38 LEDBlinker/User/main.o
 .text.SCB_EnableDCache
                0x08000bdc       0x98 LEDBlinker/User/main.o
 .text.main     0x08000c74      0x1f4 LEDBlinker/User/main.o
                0x08000c74                main
 .text._ZL18SystemClock_Configv
                0x08000e68       0xa4 LEDBlinker/User/main.o
 .text._ZL13Error_Handlerv
                0x08000f0c        0x6 LEDBlinker/User/main.o
 *fill*         0x08000f12        0x2 
 .text._ZL10MPU_Configv
                0x08000f14       0x50 LEDBlinker/User/main.o
 .text._ZL16CPU_CACHE_Enablev
                0x08000f64       0x10 LEDBlinker/User/main.o
 .text.HAL_MspInit
                0x08000f74        0x2 LEDBlinker/User/stm32f7xx_hal_msp.o
                0x08000f74                HAL_MspInit
 .text.NMI_Handler
                0x08000f76        0x2 LEDBlinker/User/stm32f7xx_it.o
                0x08000f76                NMI_Handler
 .text.HardFault_Handler
                0x08000f78        0x2 LEDBlinker/User/stm32f7xx_it.o
                0x08000f78                HardFault_Handler
 .text.MemManage_Handler
                0x08000f7a        0x2 LEDBlinker/User/stm32f7xx_it.o
                0x08000f7a                MemManage_Handler
 .text.BusFault_Handler
                0x08000f7c        0x2 LEDBlinker/User/stm32f7xx_it.o
                0x08000f7c                BusFault_Handler
 .text.UsageFault_Handler
                0x08000f7e        0x2 LEDBlinker/User/stm32f7xx_it.o
                0x08000f7e                UsageFault_Handler
 .text.SVC_Handler
                0x08000f80        0x2 LEDBlinker/User/stm32f7xx_it.o
                0x08000f80                SVC_Handler
 .text.DebugMon_Handler
                0x08000f82        0x2 LEDBlinker/User/stm32f7xx_it.o
                0x08000f82                DebugMon_Handler
 .text.PendSV_Handler
                0x08000f84        0x2 LEDBlinker/User/stm32f7xx_it.o
                0x08000f84                PendSV_Handler
 .text.SysTick_Handler
                0x08000f86        0x4 LEDBlinker/User/stm32f7xx_it.o
                0x08000f86                SysTick_Handler
 *fill*         0x08000f8a        0x2 
 .text.__libc_init_array
                0x08000f8c       0x48 c:/ac6/systemworkbench/plugins/fr.ac6.mcu.externaltools.arm-none.win32_1.15.0.201708311556/tools/compiler/bin/../lib/gcc/arm-none-eabi/6.3.1/../../../../arm-none-eabi/lib/thumb/v7e-m/fpv5-sp/hard\libc_nano.a(lib_a-init.o)
                0x08000f8c                __libc_init_array
 *(.glue_7)
 .glue_7        0x08000fd4        0x0 linker stubs
 *(.glue_7t)
 .glue_7t       0x08000fd4        0x0 linker stubs
 *(.eh_frame)
 .eh_frame      0x08000fd4        0x0 c:/ac6/systemworkbench/plugins/fr.ac6.mcu.externaltools.arm-none.win32_1.15.0.201708311556/tools/compiler/bin/../lib/gcc/arm-none-eabi/6.3.1/thumb/v7e-m/fpv5-sp/hard/crtbegin.o
 *(.init)
 .init          0x08000fd4        0x4 c:/ac6/systemworkbench/plugins/fr.ac6.mcu.externaltools.arm-none.win32_1.15.0.201708311556/tools/compiler/bin/../lib/gcc/arm-none-eabi/6.3.1/thumb/v7e-m/fpv5-sp/hard/crti.o
                0x08000fd4                _init
 .init          0x08000fd8        0x8 c:/ac6/systemworkbench/plugins/fr.ac6.mcu.externaltools.arm-none.win32_1.15.0.201708311556/tools/compiler/bin/../lib/gcc/arm-none-eabi/6.3.1/thumb/v7e-m/fpv5-sp/hard/crtn.o
 *(.fini)
 .fini          0x08000fe0        0x4 c:/ac6/systemworkbench/plugins/fr.ac6.mcu.externaltools.arm-none.win32_1.15.0.201708311556/tools/compiler/bin/../lib/gcc/arm-none-eabi/6.3.1/thumb/v7e-m/fpv5-sp/hard/crti.o
                0x08000fe0                _fini
 .fini          0x08000fe4        0x8 c:/ac6/systemworkbench/plugins/fr.ac6.mcu.externaltools.arm-none.win32_1.15.0.201708311556/tools/compiler/bin/../lib/gcc/arm-none-eabi/6.3.1/thumb/v7e-m/fpv5-sp/hard/crtn.o
                0x08000fec                . = ALIGN (0x4)
                0x08000fec                _etext = .

.vfp11_veneer   0x08000fec        0x0
 .vfp11_veneer  0x08000fec        0x0 linker stubs

.v4_bx          0x08000fec        0x0
 .v4_bx         0x08000fec        0x0 linker stubs

.iplt           0x08000fec        0x0
 .iplt          0x08000fec        0x0 c:/ac6/systemworkbench/plugins/fr.ac6.mcu.externaltools.arm-none.win32_1.15.0.201708311556/tools/compiler/bin/../lib/gcc/arm-none-eabi/6.3.1/thumb/v7e-m/fpv5-sp/hard/crtbegin.o

.rodata         0x08000fec       0x18
                0x08000fec                . = ALIGN (0x4)
 *(.rodata)
 .rodata        0x08000fec       0x18 Drivers/CMSIS/system_stm32f7xx.o
                0x08000fec                AHBPrescTable
                0x08000ffc                APBPrescTable
 *(.rodata*)
                0x08001004                . = ALIGN (0x4)

.rel.dyn        0x08001004        0x0
 .rel.iplt      0x08001004        0x0 c:/ac6/systemworkbench/plugins/fr.ac6.mcu.externaltools.arm-none.win32_1.15.0.201708311556/tools/compiler/bin/../lib/gcc/arm-none-eabi/6.3.1/thumb/v7e-m/fpv5-sp/hard/crtbegin.o

.ARM.extab
 *(.ARM.extab* .gnu.linkonce.armextab.*)

.ARM            0x08001004        0x0
                0x08001004                __exidx_start = .
 *(.ARM.exidx*)
                0x08001004                __exidx_end = .

.preinit_array  0x08001004        0x0
                0x08001004                PROVIDE (__preinit_array_start, .)
 *(.preinit_array*)
                0x08001004                PROVIDE (__preinit_array_end, .)

.init_array     0x08001004        0x4
                0x08001004                PROVIDE (__init_array_start, .)
 *(SORT(.init_array.*))
 *(.init_array*)
 .init_array    0x08001004        0x4 c:/ac6/systemworkbench/plugins/fr.ac6.mcu.externaltools.arm-none.win32_1.15.0.201708311556/tools/compiler/bin/../lib/gcc/arm-none-eabi/6.3.1/thumb/v7e-m/fpv5-sp/hard/crtbegin.o
                0x08001008                PROVIDE (__init_array_end, .)

.fini_array     0x08001008        0x4
                [!provide]                PROVIDE (__fini_array_start, .)
 *(SORT(.fini_array.*))
 *(.fini_array*)
 .fini_array    0x08001008        0x4 c:/ac6/systemworkbench/plugins/fr.ac6.mcu.externaltools.arm-none.win32_1.15.0.201708311556/tools/compiler/bin/../lib/gcc/arm-none-eabi/6.3.1/thumb/v7e-m/fpv5-sp/hard/crtbegin.o
                [!provide]                PROVIDE (__fini_array_end, .)
                0x0800100c                _sidata = LOADADDR (.data)

.data           0x20000000        0x4 load address 0x0800100c
                0x20000000                . = ALIGN (0x4)
                0x20000000                _sdata = .
 *(.data)
 .data          0x20000000        0x4 Drivers/CMSIS/system_stm32f7xx.o
                0x20000000                SystemCoreClock
 *(.data*)
                0x20000004                . = ALIGN (0x4)
                0x20000004                _edata = .

.jcr            0x20000004        0x0 load address 0x08001010
 .jcr           0x20000004        0x0 c:/ac6/systemworkbench/plugins/fr.ac6.mcu.externaltools.arm-none.win32_1.15.0.201708311556/tools/compiler/bin/../lib/gcc/arm-none-eabi/6.3.1/thumb/v7e-m/fpv5-sp/hard/crtbegin.o

.igot.plt       0x20000004        0x0 load address 0x08001010
 .igot.plt      0x20000004        0x0 c:/ac6/systemworkbench/plugins/fr.ac6.mcu.externaltools.arm-none.win32_1.15.0.201708311556/tools/compiler/bin/../lib/gcc/arm-none-eabi/6.3.1/thumb/v7e-m/fpv5-sp/hard/crtbegin.o
                0x20000004                . = ALIGN (0x4)

.bss            0x20000004       0x20 load address 0x08001010
                0x20000004                _sbss = .
                0x20000004                __bss_start__ = _sbss
 *(.bss)
 .bss           0x20000004       0x1c c:/ac6/systemworkbench/plugins/fr.ac6.mcu.externaltools.arm-none.win32_1.15.0.201708311556/tools/compiler/bin/../lib/gcc/arm-none-eabi/6.3.1/thumb/v7e-m/fpv5-sp/hard/crtbegin.o
 *(.bss*)
 *(COMMON)
 COMMON         0x20000020        0x4 Drivers/STM32F7xx_HAL_Driver/stm32f7xx_hal.o
                0x20000020                uwTick
                0x20000024                . = ALIGN (0x4)
                0x20000024                _ebss = .
                0x20000024                __bss_end__ = _ebss

._user_heap_stack
                0x20000024      0x604 load address 0x08001010
                0x20000028                . = ALIGN (0x8)
 *fill*         0x20000024        0x4 
                [!provide]                PROVIDE (end, .)
                [!provide]                PROVIDE (_end, .)
                0x20000228                . = (. + _Min_Heap_Size)
 *fill*         0x20000028      0x200 
                0x20000628                . = (. + _Min_Stack_Size)
 *fill*         0x20000228      0x400 
                0x20000628                . = ALIGN (0x8)

/DISCARD/
 libc.a(*)
 libm.a(*)
 libgcc.a(*)

.ARM.attributes
                0x00000000       0x30
 *(.ARM.attributes)
 .ARM.attributes
                0x00000000       0x22 c:/ac6/systemworkbench/plugins/fr.ac6.mcu.externaltools.arm-none.win32_1.15.0.201708311556/tools/compiler/bin/../lib/gcc/arm-none-eabi/6.3.1/thumb/v7e-m/fpv5-sp/hard/crti.o
 .ARM.attributes
                0x00000022       0x34 c:/ac6/systemworkbench/plugins/fr.ac6.mcu.externaltools.arm-none.win32_1.15.0.201708311556/tools/compiler/bin/../lib/gcc/arm-none-eabi/6.3.1/thumb/v7e-m/fpv5-sp/hard/crtbegin.o
 .ARM.attributes
                0x00000056       0x39 Drivers/CMSIS/system_stm32f7xx.o
 .ARM.attributes
                0x0000008f       0x39 Drivers/STM32F7xx_HAL_Driver/stm32f7xx_hal.o
 .ARM.attributes
                0x000000c8       0x39 Drivers/STM32F7xx_HAL_Driver/stm32f7xx_hal_cortex.o
 .ARM.attributes
                0x00000101       0x39 Drivers/STM32F7xx_HAL_Driver/stm32f7xx_hal_gpio.o
 .ARM.attributes
                0x0000013a       0x39 Drivers/STM32F7xx_HAL_Driver/stm32f7xx_hal_pwr_ex.o
 .ARM.attributes
                0x00000173       0x39 Drivers/STM32F7xx_HAL_Driver/stm32f7xx_hal_rcc.o
 .ARM.attributes
                0x000001ac       0x21 LEDBlinker/SW4STM32/startup_stm32f746xx.o
 .ARM.attributes
                0x000001cd       0x39 LEDBlinker/User/main.o
 .ARM.attributes
                0x00000206       0x39 LEDBlinker/User/stm32f7xx_hal_msp.o
 .ARM.attributes
                0x0000023f       0x39 LEDBlinker/User/stm32f7xx_it.o
 .ARM.attributes
                0x00000278       0x34 c:/ac6/systemworkbench/plugins/fr.ac6.mcu.externaltools.arm-none.win32_1.15.0.201708311556/tools/compiler/bin/../lib/gcc/arm-none-eabi/6.3.1/../../../../arm-none-eabi/lib/thumb/v7e-m/fpv5-sp/hard\libc_nano.a(lib_a-init.o)
 .ARM.attributes
                0x000002ac       0x22 c:/ac6/systemworkbench/plugins/fr.ac6.mcu.externaltools.arm-none.win32_1.15.0.201708311556/tools/compiler/bin/../lib/gcc/arm-none-eabi/6.3.1/thumb/v7e-m/fpv5-sp/hard/crtn.o
OUTPUT(STM32746G_Discovery_led_blinker.elf elf32-littlearm)

.debug_info     0x00000000     0x976b
 .debug_info    0x00000000      0xf19 Drivers/CMSIS/system_stm32f7xx.o
 .debug_info    0x00000f19     0x1219 Drivers/STM32F7xx_HAL_Driver/stm32f7xx_hal.o
 .debug_info    0x00002132     0x197a Drivers/STM32F7xx_HAL_Driver/stm32f7xx_hal_cortex.o
 .debug_info    0x00003aac      0xfc3 Drivers/STM32F7xx_HAL_Driver/stm32f7xx_hal_gpio.o
 .debug_info    0x00004a6f     0x1240 Drivers/STM32F7xx_HAL_Driver/stm32f7xx_hal_pwr_ex.o
 .debug_info    0x00005caf     0x127d Drivers/STM32F7xx_HAL_Driver/stm32f7xx_hal_rcc.o
 .debug_info    0x00006f2c      0x13a LEDBlinker/SW4STM32/startup_stm32f746xx.o
 .debug_info    0x00007066     0x13c7 LEDBlinker/User/main.o
 .debug_info    0x0000842d      0x961 LEDBlinker/User/stm32f7xx_hal_msp.o
 .debug_info    0x00008d8e      0x9dd LEDBlinker/User/stm32f7xx_it.o

.debug_abbrev   0x00000000     0x183b
 .debug_abbrev  0x00000000      0x212 Drivers/CMSIS/system_stm32f7xx.o
 .debug_abbrev  0x00000212      0x2df Drivers/STM32F7xx_HAL_Driver/stm32f7xx_hal.o
 .debug_abbrev  0x000004f1      0x3c5 Drivers/STM32F7xx_HAL_Driver/stm32f7xx_hal_cortex.o
 .debug_abbrev  0x000008b6      0x2a3 Drivers/STM32F7xx_HAL_Driver/stm32f7xx_hal_gpio.o
 .debug_abbrev  0x00000b59      0x2e2 Drivers/STM32F7xx_HAL_Driver/stm32f7xx_hal_pwr_ex.o
 .debug_abbrev  0x00000e3b      0x347 Drivers/STM32F7xx_HAL_Driver/stm32f7xx_hal_rcc.o
 .debug_abbrev  0x00001182       0x12 LEDBlinker/SW4STM32/startup_stm32f746xx.o
 .debug_abbrev  0x00001194      0x2c4 LEDBlinker/User/main.o
 .debug_abbrev  0x00001458      0x1c9 LEDBlinker/User/stm32f7xx_hal_msp.o
 .debug_abbrev  0x00001621      0x21a LEDBlinker/User/stm32f7xx_it.o

.debug_loc      0x00000000      0xfb3
 .debug_loc     0x00000000      0x11c Drivers/CMSIS/system_stm32f7xx.o
 .debug_loc     0x0000011c       0x6a Drivers/STM32F7xx_HAL_Driver/stm32f7xx_hal.o
 .debug_loc     0x00000186      0x536 Drivers/STM32F7xx_HAL_Driver/stm32f7xx_hal_cortex.o
 .debug_loc     0x000006bc      0x3cd Drivers/STM32F7xx_HAL_Driver/stm32f7xx_hal_gpio.o
 .debug_loc     0x00000a89      0x1c2 Drivers/STM32F7xx_HAL_Driver/stm32f7xx_hal_pwr_ex.o
 .debug_loc     0x00000c4b      0x368 Drivers/STM32F7xx_HAL_Driver/stm32f7xx_hal_rcc.o

.debug_aranges  0x00000000      0x3f0
 .debug_aranges
                0x00000000       0x28 Drivers/CMSIS/system_stm32f7xx.o
 .debug_aranges
                0x00000028       0xe0 Drivers/STM32F7xx_HAL_Driver/stm32f7xx_hal.o
 .debug_aranges
                0x00000108       0xa8 Drivers/STM32F7xx_HAL_Driver/stm32f7xx_hal_cortex.o
 .debug_aranges
                0x000001b0       0x58 Drivers/STM32F7xx_HAL_Driver/stm32f7xx_hal_gpio.o
 .debug_aranges
                0x00000208       0x80 Drivers/STM32F7xx_HAL_Driver/stm32f7xx_hal_pwr_ex.o
 .debug_aranges
                0x00000288       0x88 Drivers/STM32F7xx_HAL_Driver/stm32f7xx_hal_rcc.o
 .debug_aranges
                0x00000310       0x28 LEDBlinker/SW4STM32/startup_stm32f746xx.o
 .debug_aranges
                0x00000338       0x50 LEDBlinker/User/main.o
 .debug_aranges
                0x00000388       0x20 LEDBlinker/User/stm32f7xx_hal_msp.o
 .debug_aranges
                0x000003a8       0x48 LEDBlinker/User/stm32f7xx_it.o

.debug_ranges   0x00000000      0x4f8
 .debug_ranges  0x00000000       0x18 Drivers/CMSIS/system_stm32f7xx.o
 .debug_ranges  0x00000018       0xd0 Drivers/STM32F7xx_HAL_Driver/stm32f7xx_hal.o
 .debug_ranges  0x000000e8      0x138 Drivers/STM32F7xx_HAL_Driver/stm32f7xx_hal_cortex.o
 .debug_ranges  0x00000220       0x70 Drivers/STM32F7xx_HAL_Driver/stm32f7xx_hal_gpio.o
 .debug_ranges  0x00000290       0xe8 Drivers/STM32F7xx_HAL_Driver/stm32f7xx_hal_pwr_ex.o
 .debug_ranges  0x00000378       0xd8 Drivers/STM32F7xx_HAL_Driver/stm32f7xx_hal_rcc.o
 .debug_ranges  0x00000450       0x20 LEDBlinker/SW4STM32/startup_stm32f746xx.o
 .debug_ranges  0x00000470       0x40 LEDBlinker/User/main.o
 .debug_ranges  0x000004b0       0x10 LEDBlinker/User/stm32f7xx_hal_msp.o
 .debug_ranges  0x000004c0       0x38 LEDBlinker/User/stm32f7xx_it.o

.debug_macro    0x00000000     0x3f02
 .debug_macro   0x00000000      0x30e Drivers/CMSIS/system_stm32f7xx.o
 .debug_macro   0x0000030e      0x32c Drivers/STM32F7xx_HAL_Driver/stm32f7xx_hal.o
 .debug_macro   0x0000063a      0x308 Drivers/STM32F7xx_HAL_Driver/stm32f7xx_hal_cortex.o
 .debug_macro   0x00000942      0x340 Drivers/STM32F7xx_HAL_Driver/stm32f7xx_hal_gpio.o
 .debug_macro   0x00000c82      0x320 Drivers/STM32F7xx_HAL_Driver/stm32f7xx_hal_pwr_ex.o
 .debug_macro   0x00000fa2      0x32c Drivers/STM32F7xx_HAL_Driver/stm32f7xx_hal_rcc.o
 .debug_macro   0x000012ce      0x320 LEDBlinker/User/main.o
 .debug_macro   0x000015ee      0x982 LEDBlinker/User/main.o
 .debug_macro   0x00001f70       0x1c LEDBlinker/User/main.o
 .debug_macro   0x00001f8c     0x1114 LEDBlinker/User/main.o
 .debug_macro   0x000030a0       0x9c LEDBlinker/User/main.o
 .debug_macro   0x0000313c       0x97 LEDBlinker/User/main.o
 .debug_macro   0x000031d3      0x353 LEDBlinker/User/main.o
 .debug_macro   0x00003526      0x104 LEDBlinker/User/main.o
 .debug_macro   0x0000362a       0x43 LEDBlinker/User/main.o
 .debug_macro   0x0000366d      0x268 LEDBlinker/User/main.o
 .debug_macro   0x000038d5      0x308 LEDBlinker/User/stm32f7xx_hal_msp.o
 .debug_macro   0x00003bdd      0x325 LEDBlinker/User/stm32f7xx_it.o

.debug_line     0x00000000     0x5855
 .debug_line    0x00000000      0x88f Drivers/CMSIS/system_stm32f7xx.o
 .debug_line    0x0000088f      0xa00 Drivers/STM32F7xx_HAL_Driver/stm32f7xx_hal.o
 .debug_line    0x0000128f      0xa6e Drivers/STM32F7xx_HAL_Driver/stm32f7xx_hal_cortex.o
 .debug_line    0x00001cfd      0xa2d Drivers/STM32F7xx_HAL_Driver/stm32f7xx_hal_gpio.o
 .debug_line    0x0000272a      0x9b7 Drivers/STM32F7xx_HAL_Driver/stm32f7xx_hal_pwr_ex.o
 .debug_line    0x000030e1      0xb17 Drivers/STM32F7xx_HAL_Driver/stm32f7xx_hal_rcc.o
 .debug_line    0x00003bf8       0xe1 LEDBlinker/SW4STM32/startup_stm32f746xx.o
 .debug_line    0x00003cd9      0x9f3 LEDBlinker/User/main.o
 .debug_line    0x000046cc      0x85b LEDBlinker/User/stm32f7xx_hal_msp.o
 .debug_line    0x00004f27      0x92e LEDBlinker/User/stm32f7xx_it.o

.debug_str      0x00000000    0xdcd5d
 .debug_str     0x00000000    0xd9b96 Drivers/CMSIS/system_stm32f7xx.o
                              0xd9eb3 (size before relaxing)
 .debug_str     0x000d9b96      0x94c Drivers/STM32F7xx_HAL_Driver/stm32f7xx_hal.o
                              0xda75e (size before relaxing)
 .debug_str     0x000da4e2      0x379 Drivers/STM32F7xx_HAL_Driver/stm32f7xx_hal_cortex.o
                              0xda7cf (size before relaxing)
 .debug_str     0x000da85b      0x2d2 Drivers/STM32F7xx_HAL_Driver/stm32f7xx_hal_gpio.o
                              0xda05c (size before relaxing)
 .debug_str     0x000dab2d      0x222 Drivers/STM32F7xx_HAL_Driver/stm32f7xx_hal_pwr_ex.o
                              0xda118 (size before relaxing)
 .debug_str     0x000dad4f      0x34e Drivers/STM32F7xx_HAL_Driver/stm32f7xx_hal_rcc.o
                              0xda1a9 (size before relaxing)
 .debug_str     0x000db09d     0x1b2b LEDBlinker/User/main.o
                              0xdb873 (size before relaxing)
 .debug_str     0x000dcbc8       0x7c LEDBlinker/User/stm32f7xx_hal_msp.o
                              0xd9c47 (size before relaxing)
 .debug_str     0x000dcc44      0x119 LEDBlinker/User/stm32f7xx_it.o
                              0xdae6f (size before relaxing)

.comment        0x00000000       0x7f
 .comment       0x00000000       0x7f Drivers/CMSIS/system_stm32f7xx.o
                                 0x80 (size before relaxing)
 .comment       0x0000007f       0x80 Drivers/STM32F7xx_HAL_Driver/stm32f7xx_hal.o
 .comment       0x0000007f       0x80 Drivers/STM32F7xx_HAL_Driver/stm32f7xx_hal_cortex.o
 .comment       0x0000007f       0x80 Drivers/STM32F7xx_HAL_Driver/stm32f7xx_hal_gpio.o
 .comment       0x0000007f       0x80 Drivers/STM32F7xx_HAL_Driver/stm32f7xx_hal_pwr_ex.o
 .comment       0x0000007f       0x80 Drivers/STM32F7xx_HAL_Driver/stm32f7xx_hal_rcc.o
 .comment       0x0000007f       0x80 LEDBlinker/User/main.o
 .comment       0x0000007f       0x80 LEDBlinker/User/stm32f7xx_hal_msp.o
 .comment       0x0000007f       0x80 LEDBlinker/User/stm32f7xx_it.o

.debug_frame    0x00000000      0x89c
 .debug_frame   0x00000000       0x38 Drivers/CMSIS/system_stm32f7xx.o
 .debug_frame   0x00000038      0x1d4 Drivers/STM32F7xx_HAL_Driver/stm32f7xx_hal.o
 .debug_frame   0x0000020c      0x158 Drivers/STM32F7xx_HAL_Driver/stm32f7xx_hal_cortex.o
 .debug_frame   0x00000364       0xd8 Drivers/STM32F7xx_HAL_Driver/stm32f7xx_hal_gpio.o
 .debug_frame   0x0000043c      0x13c Drivers/STM32F7xx_HAL_Driver/stm32f7xx_hal_pwr_ex.o
 .debug_frame   0x00000578      0x134 Drivers/STM32F7xx_HAL_Driver/stm32f7xx_hal_rcc.o
 .debug_frame   0x000006ac       0xf4 LEDBlinker/User/main.o
 .debug_frame   0x000007a0       0x30 LEDBlinker/User/stm32f7xx_hal_msp.o
 .debug_frame   0x000007d0       0xa0 LEDBlinker/User/stm32f7xx_it.o
 .debug_frame   0x00000870       0x2c c:/ac6/systemworkbench/plugins/fr.ac6.mcu.externaltools.arm-none.win32_1.15.0.201708311556/tools/compiler/bin/../lib/gcc/arm-none-eabi/6.3.1/../../../../arm-none-eabi/lib/thumb/v7e-m/fpv5-sp/hard\libc_nano.a(lib_a-init.o)
